[1/500] start id=1
[1/500] done id=1 latency_s=0.68 ok
[2/500] start id=2
[2/500] done id=2 latency_s=0.46 ok
[3/500] start id=3
[3/500] done id=3 latency_s=0.37 ok
[4/500] start id=4
[4/500] done id=4 latency_s=0.51 ok
[5/500] start id=5
[5/500] done id=5 latency_s=0.53 ok
[6/500] start id=6
[6/500] done id=6 latency_s=0.53 ok
[7/500] start id=7
[7/500] done id=7 latency_s=0.56 ok
[8/500] start id=8
[8/500] done id=8 latency_s=0.51 ok
[9/500] start id=9
[9/500] done id=9 latency_s=0.49 ok
[10/500] start id=10
[10/500] done id=10 latency_s=0.36 ok
[11/500] start id=11
[11/500] done id=11 latency_s=0.39 ok
[12/500] start id=12
[12/500] done id=12 latency_s=0.44 ok
[13/500] start id=13
[13/500] done id=13 latency_s=0.44 ok
[14/500] start id=14
[14/500] done id=14 latency_s=0.44 ok
[15/500] start id=15
[15/500] done id=15 latency_s=0.49 ok
[16/500] start id=16
[16/500] done id=16 latency_s=0.63 ok
[17/500] start id=17
[17/500] done id=17 latency_s=0.56 ok
[18/500] start id=18
[18/500] done id=18 latency_s=0.49 ok
[19/500] start id=19
[19/500] done id=19 latency_s=0.49 ok
[20/500] start id=20
[20/500] done id=20 latency_s=0.66 ok
[21/500] start id=21
[21/500] done id=21 latency_s=0.54 ok
[22/500] start id=22
[22/500] done id=22 latency_s=0.68 ok
[23/500] start id=23
[23/500] done id=23 latency_s=0.58 ok
[24/500] start id=24
[24/500] done id=24 latency_s=0.41 ok
[25/500] start id=25
[25/500] done id=25 latency_s=0.61 ok
[26/500] start id=26
[26/500] done id=26 latency_s=0.49 ok
[27/500] start id=27
[27/500] done id=27 latency_s=0.51 ok
[28/500] start id=28
[28/500] done id=28 latency_s=0.58 ok
[29/500] start id=29
[29/500] done id=29 latency_s=0.39 ok
[30/500] start id=30
[30/500] done id=30 latency_s=0.46 ok
[31/500] start id=31
[31/500] done id=31 latency_s=0.57 ok
[32/500] start id=32
[32/500] done id=32 latency_s=0.49 ok
[33/500] start id=33
[33/500] done id=33 latency_s=0.58 ok
[34/500] start id=34
[34/500] done id=34 latency_s=0.54 ok
[35/500] start id=35
[35/500] done id=35 latency_s=0.59 ok
[36/500] start id=36
[36/500] done id=36 latency_s=0.51 ok
[37/500] start id=37
[37/500] done id=37 latency_s=0.51 ok
[38/500] start id=38
[38/500] done id=38 latency_s=0.39 ok
[39/500] start id=39
[39/500] done id=39 latency_s=0.46 ok
[40/500] start id=40
[40/500] done id=40 latency_s=0.44 ok
[41/500] start id=41
[41/500] done id=41 latency_s=0.39 ok
[42/500] start id=42
[42/500] done id=42 latency_s=0.44 ok
[43/500] start id=43
[43/500] done id=43 latency_s=0.63 ok
[44/500] start id=44
[44/500] done id=44 latency_s=0.49 ok
[45/500] start id=45
[45/500] done id=45 latency_s=0.44 ok
[46/500] start id=46
[46/500] done id=46 latency_s=0.46 ok
[47/500] start id=47
[47/500] done id=47 latency_s=0.46 ok
[48/500] start id=48
[48/500] done id=48 latency_s=0.36 ok
[49/500] start id=49
[49/500] done id=49 latency_s=0.47 ok
[50/500] start id=50
[50/500] done id=50 latency_s=0.51 ok
[51/500] start id=51
[51/500] done id=51 latency_s=0.42 ok
[52/500] start id=52
[52/500] done id=52 latency_s=0.47 ok
[53/500] start id=53
[53/500] done id=53 latency_s=0.41 ok
[54/500] start id=54
[54/500] done id=54 latency_s=0.49 ok
[55/500] start id=55
[55/500] done id=55 latency_s=0.48 ok
[56/500] start id=56
[56/500] done id=56 latency_s=0.71 ok
[57/500] start id=57
[57/500] done id=57 latency_s=0.44 ok
[58/500] start id=58
[58/500] done id=58 latency_s=0.63 ok
[59/500] start id=59
[59/500] done id=59 latency_s=0.61 ok
[60/500] start id=60
[60/500] done id=60 latency_s=0.51 ok
[61/500] start id=61
[61/500] done id=61 latency_s=0.56 ok
[62/500] start id=62
[62/500] done id=62 latency_s=0.46 ok
[63/500] start id=63
[63/500] done id=63 latency_s=0.44 ok
[64/500] start id=64
[64/500] done id=64 latency_s=0.51 ok
[65/500] start id=65
[65/500] done id=65 latency_s=0.46 ok
[66/500] start id=66
[66/500] done id=66 latency_s=0.51 ok
[67/500] start id=67
[67/500] done id=67 latency_s=0.54 ok
[68/500] start id=68
[68/500] done id=68 latency_s=0.68 ok
[69/500] start id=69
[69/500] done id=69 latency_s=0.56 ok
[70/500] start id=70
[70/500] done id=70 latency_s=0.56 ok
[71/500] start id=71
[71/500] done id=71 latency_s=0.54 ok
[72/500] start id=72
[72/500] done id=72 latency_s=0.49 ok
[73/500] start id=73
[73/500] done id=73 latency_s=0.56 ok
[74/500] start id=74
[74/500] done id=74 latency_s=0.49 ok
[75/500] start id=75
[75/500] done id=75 latency_s=0.44 ok
[76/500] start id=76
[76/500] done id=76 latency_s=0.48 ok
[77/500] start id=77
[77/500] done id=77 latency_s=0.59 ok
[78/500] start id=78
[78/500] done id=78 latency_s=0.44 ok
[79/500] start id=79
[79/500] done id=79 latency_s=0.51 ok
[80/500] start id=80
[80/500] done id=80 latency_s=0.54 ok
[81/500] start id=81
[81/500] done id=81 latency_s=0.46 ok
[82/500] start id=82
[82/500] done id=82 latency_s=0.47 ok
[83/500] start id=83
[83/500] done id=83 latency_s=0.54 ok
[84/500] start id=84
[84/500] done id=84 latency_s=0.46 ok
[85/500] start id=85
[85/500] done id=85 latency_s=0.51 ok
[86/500] start id=86
[86/500] done id=86 latency_s=0.63 ok
[87/500] start id=87
[87/500] done id=87 latency_s=0.52 ok
[88/500] start id=88
[88/500] done id=88 latency_s=0.55 ok
[89/500] start id=89
[89/500] done id=89 latency_s=0.50 ok
[90/500] start id=90
[90/500] done id=90 latency_s=0.59 ok
[91/500] start id=91
[91/500] done id=91 latency_s=0.44 ok
[92/500] start id=92
[92/500] done id=92 latency_s=0.48 ok
[93/500] start id=93
[93/500] done id=93 latency_s=0.49 ok
[94/500] start id=94
[94/500] done id=94 latency_s=0.56 ok
[95/500] start id=95
[95/500] done id=95 latency_s=0.40 ok
[96/500] start id=96
[96/500] done id=96 latency_s=0.47 ok
[97/500] start id=97
[97/500] done id=97 latency_s=0.51 ok
[98/500] start id=98
[98/500] done id=98 latency_s=0.49 ok
[99/500] start id=99
[99/500] done id=99 latency_s=0.44 ok
[100/500] start id=100
[100/500] done id=100 latency_s=0.52 ok
[101/500] start id=101
[101/500] done id=101 latency_s=0.51 ok
[102/500] start id=102
[102/500] done id=102 latency_s=0.44 ok
[103/500] start id=103
[103/500] done id=103 latency_s=0.51 ok
[104/500] start id=104
[104/500] done id=104 latency_s=0.44 ok
[105/500] start id=105
[105/500] done id=105 latency_s=0.51 ok
[106/500] start id=106
[106/500] done id=106 latency_s=0.66 ok
[107/500] start id=107
[107/500] done id=107 latency_s=0.47 ok
[108/500] start id=108
[108/500] done id=108 latency_s=0.51 ok
[109/500] start id=109
[109/500] done id=109 latency_s=0.44 ok
[110/500] start id=110
[110/500] done id=110 latency_s=0.56 ok
[111/500] start id=111
[111/500] done id=111 latency_s=0.49 ok
[112/500] start id=112
[112/500] done id=112 latency_s=0.49 ok
[113/500] start id=113
[113/500] done id=113 latency_s=0.47 ok
[114/500] start id=114
[114/500] done id=114 latency_s=0.42 ok
[115/500] start id=115
[115/500] done id=115 latency_s=0.49 ok
[116/500] start id=116
[116/500] done id=116 latency_s=0.47 ok
[117/500] start id=117
[117/500] done id=117 latency_s=0.56 ok
[118/500] start id=118
[118/500] done id=118 latency_s=0.49 ok
[119/500] start id=119
[119/500] done id=119 latency_s=0.61 ok
[120/500] start id=120
[120/500] done id=120 latency_s=0.59 ok
[121/500] start id=121
[121/500] done id=121 latency_s=0.63 ok
[122/500] start id=122
[122/500] done id=122 latency_s=0.53 ok
[123/500] start id=123
[123/500] done id=123 latency_s=0.49 ok
[124/500] start id=124
[124/500] done id=124 latency_s=0.49 ok
[125/500] start id=125
[125/500] done id=125 latency_s=0.54 ok
[126/500] start id=126
[126/500] done id=126 latency_s=0.73 ok
[127/500] start id=127
[127/500] done id=127 latency_s=0.58 ok
[128/500] start id=128
[128/500] done id=128 latency_s=0.64 ok
[129/500] start id=129
[129/500] done id=129 latency_s=0.51 ok
[130/500] start id=130
[130/500] done id=130 latency_s=0.53 ok
[131/500] start id=131
[131/500] done id=131 latency_s=0.54 ok
[132/500] start id=132
[132/500] done id=132 latency_s=0.56 ok
[133/500] start id=133
[133/500] done id=133 latency_s=0.42 ok
[134/500] start id=134
[134/500] done id=134 latency_s=0.46 ok
[135/500] start id=135
[135/500] done id=135 latency_s=0.51 ok
[136/500] start id=136
[136/500] done id=136 latency_s=0.51 ok
[137/500] start id=137
[137/500] done id=137 latency_s=0.49 ok
[138/500] start id=138
[138/500] done id=138 latency_s=0.56 ok
[139/500] start id=139
[139/500] done id=139 latency_s=0.61 ok
[140/500] start id=140
[140/500] done id=140 latency_s=0.49 ok
[141/500] start id=141
[141/500] done id=141 latency_s=0.44 ok
[142/500] start id=142
[142/500] done id=142 latency_s=0.58 ok
[143/500] start id=143
[143/500] done id=143 latency_s=0.54 ok
[144/500] start id=144
[144/500] done id=144 latency_s=0.53 ok
[145/500] start id=145
[145/500] done id=145 latency_s=0.59 ok
[146/500] start id=146
[146/500] done id=146 latency_s=0.54 ok
[147/500] start id=147
[147/500] done id=147 latency_s=0.53 ok
[148/500] start id=148
[148/500] done id=148 latency_s=0.44 ok
[149/500] start id=149
[149/500] done id=149 latency_s=0.49 ok
[150/500] start id=150
[150/500] done id=150 latency_s=0.62 ok
[151/500] start id=151
[151/500] done id=151 latency_s=0.57 ok
[152/500] start id=152
[152/500] done id=152 latency_s=0.53 ok
[153/500] start id=153
[153/500] done id=153 latency_s=0.52 ok
[154/500] start id=154
[154/500] done id=154 latency_s=0.49 ok
[155/500] start id=155
[155/500] done id=155 latency_s=0.48 ok
[156/500] start id=156
[156/500] done id=156 latency_s=0.49 ok
[157/500] start id=157
[157/500] done id=157 latency_s=0.51 ok
[158/500] start id=158
[158/500] done id=158 latency_s=0.54 ok
[159/500] start id=159
[159/500] done id=159 latency_s=0.51 ok
[160/500] start id=160
[160/500] done id=160 latency_s=0.49 ok
[161/500] start id=161
[161/500] done id=161 latency_s=0.50 ok
[162/500] start id=162
[162/500] done id=162 latency_s=0.61 ok
[163/500] start id=163
[163/500] done id=163 latency_s=0.45 ok
[164/500] start id=164
[164/500] done id=164 latency_s=0.49 ok
[165/500] start id=165
[165/500] done id=165 latency_s=0.51 ok
[166/500] start id=166
[166/500] done id=166 latency_s=0.45 ok
[167/500] start id=167
[167/500] done id=167 latency_s=0.58 ok
[168/500] start id=168
[168/500] done id=168 latency_s=0.59 ok
[169/500] start id=169
[169/500] done id=169 latency_s=0.59 ok
[170/500] start id=170
[170/500] done id=170 latency_s=0.44 ok
[171/500] start id=171
[171/500] done id=171 latency_s=0.46 ok
[172/500] start id=172
[172/500] done id=172 latency_s=0.54 ok
[173/500] start id=173
[173/500] done id=173 latency_s=0.54 ok
[174/500] start id=174
[174/500] done id=174 latency_s=0.44 ok
[175/500] start id=175
[175/500] done id=175 latency_s=0.49 ok
[176/500] start id=176
[176/500] done id=176 latency_s=0.61 ok
[177/500] start id=177
[177/500] done id=177 latency_s=0.49 ok
[178/500] start id=178
[178/500] done id=178 latency_s=0.65 ok
[179/500] start id=179
[179/500] done id=179 latency_s=0.47 ok
[180/500] start id=180
[180/500] done id=180 latency_s=0.44 ok
[181/500] start id=181
[181/500] done id=181 latency_s=0.41 ok
[182/500] start id=182
[182/500] done id=182 latency_s=0.61 ok
[183/500] start id=183
[183/500] done id=183 latency_s=0.47 ok
[184/500] start id=184
[184/500] done id=184 latency_s=0.59 ok
[185/500] start id=185
[185/500] done id=185 latency_s=0.49 ok
[186/500] start id=186
[186/500] done id=186 latency_s=0.49 ok
[187/500] start id=187
[187/500] done id=187 latency_s=0.56 ok
[188/500] start id=188
[188/500] done id=188 latency_s=0.51 ok
[189/500] start id=189
[189/500] done id=189 latency_s=0.47 ok
[190/500] start id=190
[190/500] done id=190 latency_s=0.61 ok
[191/500] start id=191
[191/500] done id=191 latency_s=0.44 ok
[192/500] start id=192
[192/500] done id=192 latency_s=0.44 ok
[193/500] start id=193
[193/500] done id=193 latency_s=0.41 ok
[194/500] start id=194
[194/500] done id=194 latency_s=0.49 ok
[195/500] start id=195
[195/500] done id=195 latency_s=0.53 ok
[196/500] start id=196
[196/500] done id=196 latency_s=0.51 ok
[197/500] start id=197
[197/500] done id=197 latency_s=0.63 ok
[198/500] start id=198
[198/500] done id=198 latency_s=0.54 ok
[199/500] start id=199
[199/500] done id=199 latency_s=0.46 ok
[200/500] start id=200
[200/500] done id=200 latency_s=0.53 ok
[201/500] start id=201
[201/500] done id=201 latency_s=1.22 ok
[202/500] start id=202
[202/500] done id=202 latency_s=1.66 ok
[203/500] start id=203
[203/500] done id=203 latency_s=1.44 ok
[204/500] start id=204
[204/500] done id=204 latency_s=0.44 ok
[205/500] start id=205
[205/500] done id=205 latency_s=0.56 ok
[206/500] start id=206
[206/500] done id=206 latency_s=0.46 ok
[207/500] start id=207
[207/500] done id=207 latency_s=0.93 ok
[208/500] start id=208
[208/500] done id=208 latency_s=0.79 ok
[209/500] start id=209
[209/500] done id=209 latency_s=2.13 ok
[210/500] start id=210
[210/500] done id=210 latency_s=0.95 ok
[211/500] start id=211
[211/500] done id=211 latency_s=0.56 ok
[212/500] start id=212
[212/500] done id=212 latency_s=0.73 ok
[213/500] start id=213
[213/500] done id=213 latency_s=0.48 ok
[214/500] start id=214
[214/500] done id=214 latency_s=1.42 ok
[215/500] start id=215
[215/500] done id=215 latency_s=0.49 ok
[216/500] start id=216
[216/500] done id=216 latency_s=0.78 ok
[217/500] start id=217
[217/500] done id=217 latency_s=0.95 ok
[218/500] start id=218
[218/500] done id=218 latency_s=0.54 ok
[219/500] start id=219
[219/500] done id=219 latency_s=0.52 ok
[220/500] start id=220
[220/500] done id=220 latency_s=0.46 ok
[221/500] start id=221
[221/500] done id=221 latency_s=1.10 ok
[222/500] start id=222
[222/500] done id=222 latency_s=0.54 ok
[223/500] start id=223
[223/500] done id=223 latency_s=0.61 ok
[224/500] start id=224
[224/500] done id=224 latency_s=0.64 ok
[225/500] start id=225
[225/500] done id=225 latency_s=0.58 ok
[226/500] start id=226
[226/500] done id=226 latency_s=1.16 ok
[227/500] start id=227
[227/500] done id=227 latency_s=0.78 ok
[228/500] start id=228
[228/500] done id=228 latency_s=0.49 ok
[229/500] start id=229
[229/500] done id=229 latency_s=1.00 ok
[230/500] start id=230
[230/500] done id=230 latency_s=1.85 ok
[231/500] start id=231
[231/500] done id=231 latency_s=0.54 ok
[232/500] start id=232
[232/500] done id=232 latency_s=0.53 ok
[233/500] start id=233
[233/500] done id=233 latency_s=0.42 ok
[234/500] start id=234
[234/500] done id=234 latency_s=0.51 ok
[235/500] start id=235
[235/500] done id=235 latency_s=0.53 ok
[236/500] start id=236
[236/500] done id=236 latency_s=0.56 ok
[237/500] start id=237
[237/500] done id=237 latency_s=0.60 ok
[238/500] start id=238
[238/500] done id=238 latency_s=0.66 ok
[239/500] start id=239
[239/500] done id=239 latency_s=0.66 ok
[240/500] start id=240
[240/500] done id=240 latency_s=0.47 ok
[241/500] start id=241
[241/500] done id=241 latency_s=0.51 ok
[242/500] start id=242
[242/500] done id=242 latency_s=0.41 ok
[243/500] start id=243
[243/500] done id=243 latency_s=0.41 ok
[244/500] start id=244
[244/500] done id=244 latency_s=0.44 ok
[245/500] start id=245
[245/500] done id=245 latency_s=0.51 ok
[246/500] start id=246
[246/500] done id=246 latency_s=0.54 ok
[247/500] start id=247
[247/500] done id=247 latency_s=0.66 ok
[248/500] start id=248
[248/500] done id=248 latency_s=0.85 ok
[249/500] start id=249
[249/500] done id=249 latency_s=0.51 ok
[250/500] start id=250
[250/500] done id=250 latency_s=0.64 ok
[251/500] start id=251
[251/500] done id=251 latency_s=0.39 ok
[252/500] start id=252
[252/500] done id=252 latency_s=0.51 ok
[253/500] start id=253
[253/500] done id=253 latency_s=0.39 ok
[254/500] start id=254
[254/500] done id=254 latency_s=0.44 ok
[255/500] start id=255
[255/500] done id=255 latency_s=0.71 ok
[256/500] start id=256
[256/500] done id=256 latency_s=0.44 ok
[257/500] start id=257
[257/500] done id=257 latency_s=0.44 ok
[258/500] start id=258
[258/500] done id=258 latency_s=0.51 ok
[259/500] start id=259
[259/500] done id=259 latency_s=0.46 ok
[260/500] start id=260
[260/500] done id=260 latency_s=0.41 ok
[261/500] start id=261
[261/500] done id=261 latency_s=0.46 ok
[262/500] start id=262
[262/500] done id=262 latency_s=0.40 ok
[263/500] start id=263
[263/500] done id=263 latency_s=0.39 ok
[264/500] start id=264
[264/500] done id=264 latency_s=0.41 ok
[265/500] start id=265
[265/500] done id=265 latency_s=0.39 ok
[266/500] start id=266
[266/500] done id=266 latency_s=0.59 ok
[267/500] start id=267
[267/500] done id=267 latency_s=0.41 ok
[268/500] start id=268
[268/500] done id=268 latency_s=0.47 ok
[269/500] start id=269
[269/500] done id=269 latency_s=0.49 ok
[270/500] start id=270
[270/500] done id=270 latency_s=0.42 ok
[271/500] start id=271
[271/500] done id=271 latency_s=0.46 ok
[272/500] start id=272
[272/500] done id=272 latency_s=0.49 ok
[273/500] start id=273
[273/500] done id=273 latency_s=0.59 ok
[274/500] start id=274
[274/500] done id=274 latency_s=0.44 ok
[275/500] start id=275
[275/500] done id=275 latency_s=0.48 ok
[276/500] start id=276
[276/500] done id=276 latency_s=0.47 ok
[277/500] start id=277
[277/500] done id=277 latency_s=0.46 ok
[278/500] start id=278
[278/500] done id=278 latency_s=0.46 ok
[279/500] start id=279
[279/500] done id=279 latency_s=0.47 ok
[280/500] start id=280
[280/500] done id=280 latency_s=0.44 ok
[281/500] start id=281
[281/500] done id=281 latency_s=0.47 ok
[282/500] start id=282
[282/500] done id=282 latency_s=0.49 ok
[283/500] start id=283
[283/500] done id=283 latency_s=0.41 ok
[284/500] start id=284
[284/500] done id=284 latency_s=0.44 ok
[285/500] start id=285
[285/500] done id=285 latency_s=0.51 ok
[286/500] start id=286
[286/500] done id=286 latency_s=0.52 ok
[287/500] start id=287
[287/500] done id=287 latency_s=0.48 ok
[288/500] start id=288
[288/500] done id=288 latency_s=0.49 ok
[289/500] start id=289
[289/500] done id=289 latency_s=0.46 ok
[290/500] start id=290
[290/500] done id=290 latency_s=0.46 ok
[291/500] start id=291
[291/500] done id=291 latency_s=0.46 ok
[292/500] start id=292
[292/500] done id=292 latency_s=0.69 ok
[293/500] start id=293
[293/500] done id=293 latency_s=0.56 ok
[294/500] start id=294
[294/500] done id=294 latency_s=0.46 ok
[295/500] start id=295
[295/500] done id=295 latency_s=0.49 ok
[296/500] start id=296
[296/500] done id=296 latency_s=0.54 ok
[297/500] start id=297
[297/500] done id=297 latency_s=0.54 ok
[298/500] start id=298
[298/500] done id=298 latency_s=0.51 ok
[299/500] start id=299
[299/500] done id=299 latency_s=0.46 ok
[300/500] start id=300
[300/500] done id=300 latency_s=0.54 ok
[301/500] start id=301
[301/500] done id=301 latency_s=0.61 ok
[302/500] start id=302
[302/500] done id=302 latency_s=0.54 ok
[303/500] start id=303
[303/500] done id=303 latency_s=0.54 ok
[304/500] start id=304
[304/500] done id=304 latency_s=0.54 ok
[305/500] start id=305
[305/500] done id=305 latency_s=0.51 ok
[306/500] start id=306
[306/500] done id=306 latency_s=0.54 ok
[307/500] start id=307
[307/500] done id=307 latency_s=0.59 ok
[308/500] start id=308
[308/500] done id=308 latency_s=0.59 ok
[309/500] start id=309
[309/500] done id=309 latency_s=0.48 ok
[310/500] start id=310
[310/500] done id=310 latency_s=0.65 ok
[311/500] start id=311
[311/500] done id=311 latency_s=0.58 ok
[312/500] start id=312
[312/500] done id=312 latency_s=0.59 ok
[313/500] start id=313
[313/500] done id=313 latency_s=0.51 ok
[314/500] start id=314
[314/500] done id=314 latency_s=0.56 ok
[315/500] start id=315
[315/500] done id=315 latency_s=0.51 ok
[316/500] start id=316
[316/500] done id=316 latency_s=0.56 ok
[317/500] start id=317
[317/500] done id=317 latency_s=0.61 ok
[318/500] start id=318
[318/500] done id=318 latency_s=0.49 ok
[319/500] start id=319
[319/500] done id=319 latency_s=0.44 ok
[320/500] start id=320
[320/500] done id=320 latency_s=0.34 ok
[321/500] start id=321
[321/500] done id=321 latency_s=0.46 ok
[322/500] start id=322
[322/500] done id=322 latency_s=0.61 ok
[323/500] start id=323
[323/500] done id=323 latency_s=0.61 ok
[324/500] start id=324
[324/500] done id=324 latency_s=0.44 ok
[325/500] start id=325
[325/500] done id=325 latency_s=0.49 ok
[326/500] start id=326
[326/500] done id=326 latency_s=0.41 ok
[327/500] start id=327
[327/500] done id=327 latency_s=0.49 ok
[328/500] start id=328
[328/500] done id=328 latency_s=0.81 ok
[329/500] start id=329
[329/500] done id=329 latency_s=0.47 ok
[330/500] start id=330
[330/500] done id=330 latency_s=0.61 ok
[331/500] start id=331
[331/500] done id=331 latency_s=0.78 ok
[332/500] start id=332
[332/500] done id=332 latency_s=0.58 ok
[333/500] start id=333
[333/500] done id=333 latency_s=0.54 ok
[334/500] start id=334
[334/500] done id=334 latency_s=0.44 ok
[335/500] start id=335
[335/500] done id=335 latency_s=0.51 ok
[336/500] start id=336
[336/500] done id=336 latency_s=0.51 ok
[337/500] start id=337
[337/500] done id=337 latency_s=0.44 ok
[338/500] start id=338
[338/500] done id=338 latency_s=0.42 ok
[339/500] start id=339
[339/500] done id=339 latency_s=0.47 ok
[340/500] start id=340
[340/500] done id=340 latency_s=0.44 ok
[341/500] start id=341
[341/500] done id=341 latency_s=0.52 ok
[342/500] start id=342
[342/500] done id=342 latency_s=0.42 ok
[343/500] start id=343
[343/500] done id=343 latency_s=0.51 ok
[344/500] start id=344
[344/500] done id=344 latency_s=0.42 ok
[345/500] start id=345
[345/500] done id=345 latency_s=0.46 ok
[346/500] start id=346
[346/500] done id=346 latency_s=0.51 ok
[347/500] start id=347
[347/500] done id=347 latency_s=0.51 ok
[348/500] start id=348
[348/500] done id=348 latency_s=0.56 ok
[349/500] start id=349
[349/500] done id=349 latency_s=0.42 ok
[350/500] start id=350
[350/500] done id=350 latency_s=0.46 ok
[351/500] start id=351
[351/500] done id=351 latency_s=0.58 ok
[352/500] start id=352
[352/500] done id=352 latency_s=0.39 ok
[353/500] start id=353
[353/500] done id=353 latency_s=0.54 ok
[354/500] start id=354
[354/500] done id=354 latency_s=0.48 ok
[355/500] start id=355
[355/500] done id=355 latency_s=0.49 ok
[356/500] start id=356
[356/500] done id=356 latency_s=0.56 ok
[357/500] start id=357
[357/500] done id=357 latency_s=0.59 ok
[358/500] start id=358
[358/500] done id=358 latency_s=0.59 ok
[359/500] start id=359
[359/500] done id=359 latency_s=0.44 ok
[360/500] start id=360
[360/500] done id=360 latency_s=0.47 ok
[361/500] start id=361
[361/500] done id=361 latency_s=0.61 ok
[362/500] start id=362
[362/500] done id=362 latency_s=0.56 ok
[363/500] start id=363
[363/500] done id=363 latency_s=0.66 ok
[364/500] start id=364
[364/500] done id=364 latency_s=0.56 ok
[365/500] start id=365
[365/500] done id=365 latency_s=0.44 ok
[366/500] start id=366
[366/500] done id=366 latency_s=0.61 ok
[367/500] start id=367
[367/500] done id=367 latency_s=0.53 ok
[368/500] start id=368
[368/500] done id=368 latency_s=0.49 ok
[369/500] start id=369
[369/500] done id=369 latency_s=0.56 ok
[370/500] start id=370
[370/500] done id=370 latency_s=0.53 ok
[371/500] start id=371
[371/500] done id=371 latency_s=0.58 ok
[372/500] start id=372
[372/500] done id=372 latency_s=0.56 ok
[373/500] start id=373
[373/500] done id=373 latency_s=0.52 ok
[374/500] start id=374
[374/500] done id=374 latency_s=0.63 ok
[375/500] start id=375
[375/500] done id=375 latency_s=0.54 ok
[376/500] start id=376
[376/500] done id=376 latency_s=0.56 ok
[377/500] start id=377
[377/500] done id=377 latency_s=0.69 ok
[378/500] start id=378
[378/500] done id=378 latency_s=0.54 ok
[379/500] start id=379
[379/500] done id=379 latency_s=0.59 ok
[380/500] start id=380
[380/500] done id=380 latency_s=0.54 ok
[381/500] start id=381
[381/500] done id=381 latency_s=0.54 ok
[382/500] start id=382
[382/500] done id=382 latency_s=0.54 ok
[383/500] start id=383
[383/500] done id=383 latency_s=0.39 ok
[384/500] start id=384
[384/500] done id=384 latency_s=0.54 ok
[385/500] start id=385
[385/500] done id=385 latency_s=0.61 ok
[386/500] start id=386
[386/500] done id=386 latency_s=0.49 ok
[387/500] start id=387
[387/500] done id=387 latency_s=0.46 ok
[388/500] start id=388
[388/500] done id=388 latency_s=0.56 ok
[389/500] start id=389
[389/500] done id=389 latency_s=0.61 ok
[390/500] start id=390
[390/500] done id=390 latency_s=0.39 ok
[391/500] start id=391
[391/500] done id=391 latency_s=0.51 ok
[392/500] start id=392
[392/500] done id=392 latency_s=0.57 ok
[393/500] start id=393
[393/500] done id=393 latency_s=0.49 ok
[394/500] start id=394
[394/500] done id=394 latency_s=0.61 ok
[395/500] start id=395
[395/500] done id=395 latency_s=0.59 ok
[396/500] start id=396
[396/500] done id=396 latency_s=0.61 ok
[397/500] start id=397
[397/500] done id=397 latency_s=0.65 ok
[398/500] start id=398
[398/500] done id=398 latency_s=0.53 ok
[399/500] start id=399
[399/500] done id=399 latency_s=0.47 ok
[400/500] start id=400
[400/500] done id=400 latency_s=0.53 ok
[401/500] start id=401
[401/500] done id=401 latency_s=0.74 ok
[402/500] start id=402
[402/500] done id=402 latency_s=0.63 ok
[403/500] start id=403
[403/500] done id=403 latency_s=0.61 ok
[404/500] start id=404
[404/500] done id=404 latency_s=0.51 ok
[405/500] start id=405
[405/500] done id=405 latency_s=0.57 ok
[406/500] start id=406
[406/500] done id=406 latency_s=0.58 ok
[407/500] start id=407
[407/500] done id=407 latency_s=0.54 ok
[408/500] start id=408
[408/500] done id=408 latency_s=0.56 ok
[409/500] start id=409
[409/500] done id=409 latency_s=0.42 ok
[410/500] start id=410
[410/500] done id=410 latency_s=0.56 ok
[411/500] start id=411
[411/500] done id=411 latency_s=0.52 ok
[412/500] start id=412
[412/500] done id=412 latency_s=0.39 ok
[413/500] start id=413
[413/500] done id=413 latency_s=0.49 ok
[414/500] start id=414
[414/500] done id=414 latency_s=0.50 ok
[415/500] start id=415
[415/500] done id=415 latency_s=0.52 ok
[416/500] start id=416
[416/500] done id=416 latency_s=0.59 ok
[417/500] start id=417
[417/500] done id=417 latency_s=0.44 ok
[418/500] start id=418
[418/500] done id=418 latency_s=0.49 ok
[419/500] start id=419
[419/500] done id=419 latency_s=0.56 ok
[420/500] start id=420
[420/500] done id=420 latency_s=0.46 ok
[421/500] start id=421
[421/500] done id=421 latency_s=0.51 ok
[422/500] start id=422
[422/500] done id=422 latency_s=0.49 ok
[423/500] start id=423
[423/500] done id=423 latency_s=0.52 ok
[424/500] start id=424
[424/500] done id=424 latency_s=0.56 ok
[425/500] start id=425
[425/500] done id=425 latency_s=0.39 ok
[426/500] start id=426
[426/500] done id=426 latency_s=0.58 ok
[427/500] start id=427
[427/500] done id=427 latency_s=0.53 ok
[428/500] start id=428
[428/500] done id=428 latency_s=0.51 ok
[429/500] start id=429
[429/500] done id=429 latency_s=0.63 ok
[430/500] start id=430
[430/500] done id=430 latency_s=0.73 ok
[431/500] start id=431
[431/500] done id=431 latency_s=0.41 ok
[432/500] start id=432
[432/500] done id=432 latency_s=0.54 ok
[433/500] start id=433
[433/500] done id=433 latency_s=0.64 ok
[434/500] start id=434
[434/500] done id=434 latency_s=0.55 ok
[435/500] start id=435
[435/500] done id=435 latency_s=0.53 ok
[436/500] start id=436
[436/500] done id=436 latency_s=0.51 ok
[437/500] start id=437
[437/500] done id=437 latency_s=0.54 ok
[438/500] start id=438
[438/500] done id=438 latency_s=0.54 ok
[439/500] start id=439
[439/500] done id=439 latency_s=0.54 ok
[440/500] start id=440
[440/500] done id=440 latency_s=0.54 ok
[441/500] start id=441
[441/500] done id=441 latency_s=0.54 ok
[442/500] start id=442
[442/500] done id=442 latency_s=0.46 ok
[443/500] start id=443
[443/500] done id=443 latency_s=0.61 ok
[444/500] start id=444
[444/500] done id=444 latency_s=0.52 ok
[445/500] start id=445
[445/500] done id=445 latency_s=0.61 ok
[446/500] start id=446
[446/500] done id=446 latency_s=0.66 ok
[447/500] start id=447
[447/500] done id=447 latency_s=0.59 ok
[448/500] start id=448
[448/500] done id=448 latency_s=0.76 ok
[449/500] start id=449
[449/500] done id=449 latency_s=0.49 ok
[450/500] start id=450
[450/500] done id=450 latency_s=0.63 ok
[451/500] start id=451
[451/500] done id=451 latency_s=0.47 ok
[452/500] start id=452
[452/500] done id=452 latency_s=0.47 ok
[453/500] start id=453
[453/500] done id=453 latency_s=0.61 ok
[454/500] start id=454
[454/500] done id=454 latency_s=0.44 ok
[455/500] start id=455
[455/500] done id=455 latency_s=0.51 ok
[456/500] start id=456
[456/500] done id=456 latency_s=0.57 ok
[457/500] start id=457
[457/500] done id=457 latency_s=0.58 ok
[458/500] start id=458
[458/500] done id=458 latency_s=0.48 ok
[459/500] start id=459
[459/500] done id=459 latency_s=0.52 ok
[460/500] start id=460
[460/500] done id=460 latency_s=0.51 ok
[461/500] start id=461
[461/500] done id=461 latency_s=0.44 ok
[462/500] start id=462
[462/500] done id=462 latency_s=0.56 ok
[463/500] start id=463
[463/500] done id=463 latency_s=0.36 ok
[464/500] start id=464
[464/500] done id=464 latency_s=0.52 ok
[465/500] start id=465
[465/500] done id=465 latency_s=0.62 ok
[466/500] start id=466
[466/500] done id=466 latency_s=0.54 ok
[467/500] start id=467
[467/500] done id=467 latency_s=0.65 ok
[468/500] start id=468
[468/500] done id=468 latency_s=0.53 ok
[469/500] start id=469
[469/500] done id=469 latency_s=0.55 ok
[470/500] start id=470
[470/500] done id=470 latency_s=0.59 ok
[471/500] start id=471
[471/500] done id=471 latency_s=0.63 ok
[472/500] start id=472
[472/500] done id=472 latency_s=0.60 ok
[473/500] start id=473
[473/500] done id=473 latency_s=0.54 ok
[474/500] start id=474
[474/500] done id=474 latency_s=0.52 ok
[475/500] start id=475
[475/500] done id=475 latency_s=0.40 ok
[476/500] start id=476
[476/500] done id=476 latency_s=0.52 ok
[477/500] start id=477
[477/500] done id=477 latency_s=0.52 ok
[478/500] start id=478
[478/500] done id=478 latency_s=0.80 ok
[479/500] start id=479
[479/500] done id=479 latency_s=0.74 ok
[480/500] start id=480
[480/500] done id=480 latency_s=0.51 ok
[481/500] start id=481
[481/500] done id=481 latency_s=0.78 ok
[482/500] start id=482
[482/500] done id=482 latency_s=0.62 ok
[483/500] start id=483
[483/500] done id=483 latency_s=0.46 ok
[484/500] start id=484
[484/500] done id=484 latency_s=0.44 ok
[485/500] start id=485
[485/500] done id=485 latency_s=0.56 ok
[486/500] start id=486
[486/500] done id=486 latency_s=0.46 ok
[487/500] start id=487
[487/500] done id=487 latency_s=0.53 ok
[488/500] start id=488
[488/500] done id=488 latency_s=0.68 ok
[489/500] start id=489
[489/500] done id=489 latency_s=0.56 ok
[490/500] start id=490
[490/500] done id=490 latency_s=0.66 ok
[491/500] start id=491
[491/500] done id=491 latency_s=0.48 ok
[492/500] start id=492
[492/500] done id=492 latency_s=0.57 ok
[493/500] start id=493
[493/500] done id=493 latency_s=0.45 ok
[494/500] start id=494
[494/500] done id=494 latency_s=0.62 ok
[495/500] start id=495
[495/500] done id=495 latency_s=0.49 ok
[496/500] start id=496
[496/500] done id=496 latency_s=0.52 ok
[497/500] start id=497
[497/500] done id=497 latency_s=0.55 ok
[498/500] start id=498
[498/500] done id=498 latency_s=0.65 ok
[499/500] start id=499
[499/500] done id=499 latency_s=0.61 ok
[500/500] start id=500
[500/500] done id=500 latency_s=0.77 ok
Wrote results/longmemeval_cleaned_oracle_full/predictions.jsonl
Wrote results/longmemeval_cleaned_oracle_full/metrics.json
Accuracy: 0.0140 (7/500)
